Calculating task graph as configuration cache cannot be reused because file 'gradle/libs.versions.toml' has changed.

1 problem was found storing the configuration cache.
- Task `:app:checkDebugAarMetadata` of type `com.android.build.gradle.internal.tasks.CheckAarMetadataTask`: error writing value of type 'org.gradle.api.internal.artifacts.configurations.DefaultArtifactCollection'

See the complete report at file:///app/applet/build/reports/configuration-cache/8nzxczmaa9id968kxkp0nzqzm/8iftwmivm1917dr5xz42gnbou/configuration-cache-report.html

[Incubating] Problems report is available at: file:///app/applet/build/reports/problems/problems-report.html

FAILURE: Build failed with an exception.

* What went wrong:
Configuration cache state could not be cached: field `aarMetadataArtifacts` of task `:app:checkDebugAarMetadata` of type `com.android.build.gradle.internal.tasks.CheckAarMetadataTask`: error writing value of type 'org.gradle.api.internal.artifacts.configurations.DefaultArtifactCollection'
> Configuration `:app:debugRuntimeClasspath` contains AndroidX dependencies, but the `android.useAndroidX` property is not enabled, which may cause runtime issues.
  Set `android.useAndroidX=true` in the `gradle.properties` file and retry.
  The following AndroidX dependencies are detected:
  :app:debugRuntimeClasspath -> androidx.compose.ui:ui-tooling:1.7.2
  :app:debugRuntimeClasspath -> androidx.compose:compose-bom:2024.09.00 -> androidx.compose.ui:ui-tooling-android:1.7.2
  :app:debugRuntimeClasspath -> androidx.activity:activity-compose:1.10.1
  :app:debugRuntimeClasspath -> androidx.fragment:fragment-ktx:1.6.2 -> androidx.activity:activity-ktx:1.10.1
  :app:debugRuntimeClasspath -> androidx.biometric:biometric:1.2.0-alpha05 -> androidx.activity:activity:1.10.1
  :app:debugRuntimeClasspath -> androidx.biometric:biometric:1.2.0-alpha05 -> androidx.annotation:annotation:1.8.1
  :app:debugRuntimeClasspath -> androidx.biometric:biometric:1.2.0-alpha05 -> androidx.annotation:annotation:1.8.1 -> androidx.annotation:annotation-jvm:1.8.1
  :app:debugRuntimeClasspath -> androidx.core:core-ktx:1.15.0
  :app:debugRuntimeClasspath -> androidx.biometric:biometric:1.2.0-alpha05 -> androidx.core:core:1.15.0
  :app:debugRuntimeClasspath -> androidx.biometric:biometric:1.2.0-alpha05 -> androidx.fragment:fragment:1.6.2 -> androidx.annotation:annotation-experimental:1.4.1
  :app:debugRuntimeClasspath -> androidx.biometric:biometric:1.2.0-alpha05 -> androidx.appcompat:appcompat:1.2.0 -> androidx.collection:collection:1.4.4
  :app:debugRuntimeClasspath -> androidx.biometric:biometric:1.2.0-alpha05 -> androidx.appcompat:appcompat:1.2.0 -> androidx.collection:collection:1.4.4 -> androidx.collection:collection-jvm:1.4.4
  :app:debugRuntimeClasspath -> androidx.fragment:fragment-ktx:1.6.2 -> androidx.collection:collection-ktx:1.4.4
  :app:debugRuntimeClasspath -> androidx.biometric:biometric:1.2.0-alpha05 -> androidx.core:core:1.15.0 -> androidx.concurrent:concurrent-futures:1.1.0
  :app:debugRuntimeClasspath -> androidx.biometric:biometric:1.2.0-alpha05 -> androidx.appcompat:appcompat:1.2.0 -> androidx.appcompat:appcompat-resources:1.2.0 -> androidx.vectordrawable:vectordrawable-animated:1.1.0 -> androidx.interpolator:interpolator:1.0.0
  :app:debugRuntimeClasspath -> androidx.biometric:biometric:1.2.0-alpha05 -> androidx.fragment:fragment:1.6.2 -> androidx.lifecycle:lifecycle-runtime:2.8.7
  :app:debugRuntimeClasspath -> androidx.biometric:biometric:1.2.0-alpha05 -> androidx.fragment:fragment:1.6.2 -> androidx.lifecycle:lifecycle-runtime:2.8.7 -> androidx.lifecycle:lifecycle-runtime-android:2.8.7
  :app:debugRuntimeClasspath -> androidx.biometric:biometric:1.2.0-alpha05 -> androidx.fragment:fragment:1.6.2 -> androidx.savedstate:savedstate:1.2.1 -> androidx.arch.core:core-common:2.2.0
  :app:debugRuntimeClasspath -> androidx.biometric:biometric:1.2.0-alpha05 -> androidx.fragment:fragment:1.6.2 -> androidx.loader:loader:1.0.0 -> androidx.lifecycle:lifecycle-livedata:2.8.7 -> androidx.arch.core:core-runtime:2.2.0
  :app:debugRuntimeClasspath -> androidx.navigation:navigation-compose:2.8.9 -> androidx.navigation:navigation-runtime-ktx:2.8.9 -> androidx.navigation:navigation-common-ktx:2.8.9 -> androidx.navigation:navigation-runtime:2.8.9 -> androidx.navigation:navigation-common:2.8.9 -> androidx.lifecycle:lifecycle-common:2.8.7
  :app:debugRuntimeClasspath -> androidx.navigation:navigation-compose:2.8.9 -> androidx.navigation:navigation-runtime-ktx:2.8.9 -> androidx.navigation:navigation-common-ktx:2.8.9 -> androidx.navigation:navigation-runtime:2.8.9 -> androidx.navigation:navigation-common:2.8.9 -> androidx.lifecycle:lifecycle-common:2.8.7 -> androidx.lifecycle:lifecycle-common-jvm:2.8.7
  :app:debugRuntimeClasspath -> androidx.biometric:biometric:1.2.0-alpha05 -> androidx.lifecycle:lifecycle-common-java8:2.8.7
  :app:debugRuntimeClasspath -> androidx.biometric:biometric:1.2.0-alpha05 -> androidx.lifecycle:lifecycle-livedata-core:2.8.7
  :app:debugRuntimeClasspath -> androidx.fragment:fragment-ktx:1.6.2 -> androidx.lifecycle:lifecycle-livedata-core-ktx:2.8.7
  :app:debugRuntimeClasspath -> androidx.lifecycle:lifecycle-runtime-compose:2.8.7
  :app:debugRuntimeClasspath -> androidx.lifecycle:lifecycle-runtime-compose:2.8.7 -> androidx.lifecycle:lifecycle-runtime-compose-android:2.8.7
  :app:debugRuntimeClasspath -> androidx.navigation:navigation-compose:2.8.9 -> androidx.compose.runtime:runtime:1.7.2
  :app:debugRuntimeClasspath -> androidx.compose:compose-bom:2024.09.00 -> androidx.compose.runtime:runtime-android:1.7.2
  :app:debugRuntimeClasspath -> androidx.navigation:navigation-compose:2.8.9 -> androidx.compose.runtime:runtime-saveable:1.7.2
  :app:debugRuntimeClasspath -> androidx.compose:compose-bom:2024.09.00 -> androidx.compose.runtime:runtime-saveable-android:1.7.2
  :app:debugRuntimeClasspath -> androidx.lifecycle:lifecycle-runtime-ktx:2.8.7
  :app:debugRuntimeClasspath -> androidx.lifecycle:lifecycle-runtime-ktx:2.8.7 -> androidx.lifecycle:lifecycle-runtime-ktx-android:2.8.7
  :app:debugRuntimeClasspath -> androidx.biometric:biometric:1.2.0-alpha05 -> androidx.lifecycle:lifecycle-viewmodel:2.8.7
  :app:debugRuntimeClasspath -> androidx.biometric:biometric:1.2.0-alpha05 -> androidx.lifecycle:lifecycle-viewmodel:2.8.7 -> androidx.lifecycle:lifecycle-viewmodel-android:2.8.7
  :app:debugRuntimeClasspath -> androidx.biometric:biometric:1.2.0-alpha05 -> androidx.fragment:fragment:1.6.2 -> androidx.loader:loader:1.0.0 -> androidx.lifecycle:lifecycle-livedata:2.8.7
  :app:debugRuntimeClasspath -> androidx.lifecycle:lifecycle-viewmodel-compose:2.8.7
  :app:debugRuntimeClasspath -> androidx.lifecycle:lifecycle-viewmodel-compose:2.8.7 -> androidx.lifecycle:lifecycle-viewmodel-compose-android:2.8.7
  :app:debugRuntimeClasspath -> androidx.compose.ui:ui:1.7.2
  :app:debugRuntimeClasspath -> androidx.compose:compose-bom:2024.09.00 -> androidx.compose.ui:ui-android:1.7.2
  :app:debugRuntimeClasspath -> androidx.compose:compose-bom:2024.09.00 -> androidx.compose.ui:ui-android:1.7.2 -> androidx.autofill:autofill:1.0.0
  :app:debugRuntimeClasspath -> androidx.compose:compose-bom:2024.09.00 -> androidx.compose.ui:ui-geometry:1.7.2
  :app:debugRuntimeClasspath -> androidx.compose:compose-bom:2024.09.00 -> androidx.compose.ui:ui-geometry-android:1.7.2
  :app:debugRuntimeClasspath -> androidx.compose:compose-bom:2024.09.00 -> androidx.compose.ui:ui-util:1.7.2
  :app:debugRuntimeClasspath -> androidx.compose:compose-bom:2024.09.00 -> androidx.compose.ui:ui-util-android:1.7.2
  :app:debugRuntimeClasspath -> androidx.compose.ui:ui-graphics:1.7.2
  :app:debugRuntimeClasspath -> androidx.compose:compose-bom:2024.09.00 -> androidx.compose.ui:ui-graphics-android:1.7.2
  :app:debugRuntimeClasspath -> androidx.compose:compose-bom:2024.09.00 -> androidx.compose.ui:ui-unit:1.7.2
  :app:debugRuntimeClasspath -> androidx.compose:compose-bom:2024.09.00 -> androidx.compose.ui:ui-unit-android:1.7.2
  :app:debugRuntimeClasspath -> androidx.compose.ui:ui-test-manifest:1.7.2
  :app:debugRuntimeClasspath -> androidx.compose:compose-bom:2024.09.00 -> androidx.compose.ui:ui-text:1.7.2
  :app:debugRuntimeClasspath -> androidx.compose:compose-bom:2024.09.00 -> androidx.compose.ui:ui-text-android:1.7.2
  :app:debugRuntimeClasspath -> androidx.compose:compose-bom:2024.09.00 -> androidx.compose.foundation:foundation-android:1.7.2 -> androidx.emoji2:emoji2:1.3.0
  :app:debugRuntimeClasspath -> androidx.compose:compose-bom:2024.09.00 -> androidx.compose.foundation:foundation-android:1.7.2 -> androidx.emoji2:emoji2:1.3.0 -> androidx.lifecycle:lifecycle-process:2.8.7
  :app:debugRuntimeClasspath -> androidx.compose:compose-bom:2024.09.00 -> androidx.compose.foundation:foundation-android:1.7.2 -> androidx.emoji2:emoji2:1.3.0 -> androidx.startup:startup-runtime:1.1.1
  :app:debugRuntimeClasspath -> androidx.biometric:biometric:1.2.0-alpha05 -> androidx.core:core:1.15.0 -> androidx.tracing:tracing:1.2.0
  :app:debugRuntimeClasspath -> androidx.fragment:fragment-ktx:1.6.2 -> androidx.lifecycle:lifecycle-viewmodel-ktx:2.8.7
  :app:debugRuntimeClasspath -> androidx.biometric:biometric:1.2.0-alpha05 -> androidx.fragment:fragment:1.6.2 -> androidx.lifecycle:lifecycle-viewmodel-savedstate:2.8.7
  :app:debugRuntimeClasspath -> androidx.biometric:biometric:1.2.0-alpha05 -> androidx.fragment:fragment:1.6.2 -> androidx.savedstate:savedstate:1.2.1
  :app:debugRuntimeClasspath -> androidx.fragment:fragment-ktx:1.6.2 -> androidx.savedstate:savedstate-ktx:1.2.1
  :app:debugRuntimeClasspath -> androidx.compose.ui:ui-tooling-preview:1.7.2
  :app:debugRuntimeClasspath -> androidx.compose:compose-bom:2024.09.00 -> androidx.compose.ui:ui-tooling-preview-android:1.7.2
  :app:debugRuntimeClasspath -> androidx.compose:compose-bom:2024.09.00 -> androidx.compose.ui:ui-tooling-data:1.7.2
  :app:debugRuntimeClasspath -> androidx.compose:compose-bom:2024.09.00 -> androidx.compose.ui:ui-tooling-data-android:1.7.2
  :app:debugRuntimeClasspath -> androidx.compose:compose-bom:2024.09.00 -> androidx.compose.ui:ui-graphics-android:1.7.2 -> androidx.graphics:graphics-path:1.0.1
  :app:debugRuntimeClasspath -> androidx.compose:compose-bom:2024.09.00 -> androidx.compose.ui:ui-android:1.7.2 -> androidx.customview:customview-poolingcontainer:1.0.0
  :app:debugRuntimeClasspath -> androidx.biometric:biometric:1.2.0-alpha05 -> androidx.fragment:fragment:1.6.2 -> androidx.profileinstaller:profileinstaller:1.4.0
  :app:debugRuntimeClasspath -> androidx.compose:compose-bom:2024.09.00 -> androidx.compose.foundation:foundation:1.7.2
  :app:debugRuntimeClasspath -> androidx.compose:compose-bom:2024.09.00 -> androidx.compose.foundation:foundation-android:1.7.2
  :app:debugRuntimeClasspath -> androidx.navigation:navigation-compose:2.8.9 -> androidx.compose.animation:animation:1.7.2
  :app:debugRuntimeClasspath -> androidx.compose:compose-bom:2024.09.00 -> androidx.compose.animation:animation-android:1.7.2
  :app:debugRuntimeClasspath -> androidx.compose:compose-bom:2024.09.00 -> androidx.compose.animation:animation-core:1.7.2
  :app:debugRuntimeClasspath -> androidx.compose:compose-bom:2024.09.00 -> androidx.compose.animation:animation-core-android:1.7.2
  :app:debugRuntimeClasspath -> androidx.navigation:navigation-compose:2.8.9 -> androidx.compose.foundation:foundation-layout:1.7.2
  :app:debugRuntimeClasspath -> androidx.compose:compose-bom:2024.09.00 -> androidx.compose.foundation:foundation-layout-android:1.7.2
  :app:debugRuntimeClasspath -> androidx.biometric:biometric:1.2.0-alpha05 -> androidx.core:core:1.15.0 -> androidx.versionedparcelable:versionedparcelable:1.1.1
  :app:debugRuntimeClasspath -> androidx.biometric:biometric:1.2.0-alpha05 -> androidx.activity:activity:1.10.1 -> androidx.core:core-viewtree:1.0.0
  :app:debugRuntimeClasspath -> androidx.compose:compose-bom:2024.09.00 -> androidx.compose.material:material:1.7.0
  :app:debugRuntimeClasspath -> androidx.compose:compose-bom:2024.09.00 -> androidx.compose.material:material-android:1.7.0
  :app:debugRuntimeClasspath -> androidx.compose.material:material-icons-core:1.7.0
  :app:debugRuntimeClasspath -> androidx.compose:compose-bom:2024.09.00 -> androidx.compose.material:material-icons-core-android:1.7.0
  :app:debugRuntimeClasspath -> androidx.compose:compose-bom:2024.09.00 -> androidx.compose.material:material-ripple:1.7.0
  :app:debugRuntimeClasspath -> androidx.compose:compose-bom:2024.09.00 -> androidx.compose.material:material-ripple-android:1.7.0
  :app:debugRuntimeClasspath -> androidx.fragment:fragment-ktx:1.6.2
  :app:debugRuntimeClasspath -> androidx.biometric:biometric:1.2.0-alpha05 -> androidx.fragment:fragment:1.6.2
  :app:debugRuntimeClasspath -> androidx.biometric:biometric:1.2.0-alpha05 -> androidx.fragment:fragment:1.6.2 -> androidx.loader:loader:1.0.0
  :app:debugRuntimeClasspath -> androidx.biometric:biometric:1.2.0-alpha05 -> androidx.fragment:fragment:1.6.2 -> androidx.viewpager:viewpager:1.0.0
  :app:debugRuntimeClasspath -> androidx.biometric:biometric:1.2.0-alpha05 -> androidx.fragment:fragment:1.6.2 -> androidx.viewpager:viewpager:1.0.0 -> androidx.customview:customview:1.0.0
  :app:debugRuntimeClasspath -> androidx.biometric:biometric:1.2.0-alpha05
  :app:debugRuntimeClasspath -> androidx.biometric:biometric:1.2.0-alpha05 -> androidx.appcompat:appcompat:1.2.0
  :app:debugRuntimeClasspath -> androidx.biometric:biometric:1.2.0-alpha05 -> androidx.appcompat:appcompat:1.2.0 -> androidx.cursoradapter:cursoradapter:1.0.0
  :app:debugRuntimeClasspath -> androidx.biometric:biometric:1.2.0-alpha05 -> androidx.appcompat:appcompat:1.2.0 -> androidx.appcompat:appcompat-resources:1.2.0
  :app:debugRuntimeClasspath -> androidx.biometric:biometric:1.2.0-alpha05 -> androidx.appcompat:appcompat:1.2.0 -> androidx.appcompat:appcompat-resources:1.2.0 -> androidx.vectordrawable:vectordrawable:1.1.0
  :app:debugRuntimeClasspath -> androidx.biometric:biometric:1.2.0-alpha05 -> androidx.appcompat:appcompat:1.2.0 -> androidx.appcompat:appcompat-resources:1.2.0 -> androidx.vectordrawable:vectordrawable-animated:1.1.0
  :app:debugRuntimeClasspath -> androidx.biometric:biometric:1.2.0-alpha05 -> androidx.appcompat:appcompat:1.2.0 -> androidx.drawerlayout:drawerlayout:1.0.0
  :app:debugRuntimeClasspath -> androidx.compose:compose-bom:2024.09.00
  :app:debugRuntimeClasspath -> androidx.compose.material:material-icons-extended:1.7.0
  :app:debugRuntimeClasspath -> androidx.compose:compose-bom:2024.09.00 -> androidx.compose.material:material-icons-extended-android:1.7.0
  :app:debugRuntimeClasspath -> androidx.compose.material3:material3:1.3.0
  :app:debugRuntimeClasspath -> androidx.compose:compose-bom:2024.09.00 -> androidx.compose.material3:material3-android:1.3.0
  :app:debugRuntimeClasspath -> androidx.navigation:navigation-compose:2.8.9
  :app:debugRuntimeClasspath -> androidx.navigation:navigation-compose:2.8.9 -> androidx.navigation:navigation-common-ktx:2.8.9 -> androidx.navigation:navigation-runtime:2.8.9 -> androidx.navigation:navigation-common:2.8.9 -> androidx.navigation:navigation-runtime-ktx:2.8.9
  :app:debugRuntimeClasspath -> androidx.navigation:navigation-compose:2.8.9 -> androidx.navigation:navigation-runtime-ktx:2.8.9 -> androidx.navigation:navigation-runtime:2.8.9 -> androidx.navigation:navigation-common:2.8.9 -> androidx.navigation:navigation-common-ktx:2.8.9
  :app:debugRuntimeClasspath -> androidx.navigation:navigation-compose:2.8.9 -> androidx.navigation:navigation-runtime-ktx:2.8.9 -> androidx.navigation:navigation-common-ktx:2.8.9 -> androidx.navigation:navigation-runtime:2.8.9 -> androidx.navigation:navigation-common:2.8.9
  :app:debugRuntimeClasspath -> androidx.navigation:navigation-compose:2.8.9 -> androidx.navigation:navigation-runtime-ktx:2.8.9 -> androidx.navigation:navigation-common-ktx:2.8.9 -> androidx.navigation:navigation-common:2.8.9 -> androidx.navigation:navigation-runtime:2.8.9
  :app:debugRuntimeClasspath -> androidx.room:room-runtime:2.6.1
  :app:debugRuntimeClasspath -> androidx.room:room-runtime:2.6.1 -> androidx.room:room-common:2.6.1
  :app:debugRuntimeClasspath -> androidx.room:room-ktx:2.6.1
  :app:debugRuntimeClasspath -> androidx.room:room-runtime:2.6.1 -> androidx.sqlite:sqlite:2.4.0
  :app:debugRuntimeClasspath -> androidx.room:room-runtime:2.6.1 -> androidx.sqlite:sqlite-framework:2.4.0

* Try:
> Run with --stacktrace option to get the stack trace.
> Run with --info or --debug option to get more log output.
> Run with --scan to get full insights from a Build Scan (powered by Develocity).
> Get more help at https://help.gradle.org.

Deprecated Gradle features were used in this build, making it incompatible with Gradle 10.

You can use '--warning-mode all' to show the individual deprecation warnings and determine if they come from your own scripts or plugins.

For more on this, please refer to https://docs.gradle.org/9.3.1/userguide/command_line_interface.html#sec:command_line_warnings in the Gradle documentation.

BUILD FAILED in 2s
Configuration cache entry discarded due to serialization error.
